06:02:49 **** Incremental Build of configuration Debug for project Special1_A ****
make -j20 all 
arm-none-eabi-gcc "../Core/Src/main.c" -mcpu=cortex-m7 -std=gnu11 -g3 -DDEBUG -DUSE_HAL_DRIVER -DSTM32F767xx -c -I../Core/Inc -I../Drivers/STM32F7xx_HAL_Driver/Inc -I../Drivers/STM32F7xx_HAL_Driver/Inc/Legacy -I../Drivers/CMSIS/Device/ST/STM32F7xx/Include -I../Drivers/CMSIS/Include -O0 -ffunction-sections -fdata-sections -Wall -fstack-usage -fcyclomatic-complexity -MMD -MP -MF"Core/Src/main.d" -MT"Core/Src/main.o" --specs=nano.specs -mfpu=fpv5-d16 -mfloat-abi=hard -mthumb -o "Core/Src/main.o"
arm-none-eabi-gcc -o "Special1_A.elf" @"objects.list"   -mcpu=cortex-m7 -T"C:\MAD\Special1_A\STM32F767ZITX_FLASH.ld" --specs=nosys.specs -Wl,-Map="Special1_A.map" -Wl,--gc-sections -static --specs=nano.specs -mfpu=fpv5-d16 -mfloat-abi=hard -mthumb -Wl,--start-group -lc -lm -Wl,--end-group
Finished building target: Special1_A.elf
 
arm-none-eabi-size  Special1_A.elf 
arm-none-eabi-objdump -h -S Special1_A.elf  > "Special1_A.list"
   text	   data	    bss	    dec	    hex	filename
  16764	     80	   2056	  18900	   49d4	Special1_A.elf
Finished building: default.size.stdout
 
Finished building: Special1_A.list
 

06:02:49 Build Finished. 0 errors, 0 warnings. (took 541ms)

